// Jest Snapshot v1, https://goo.gl/fbAQLP

exports[`Test in AddCategory component should be render a component correctly 1`] = `
<form
  onSubmit={[Function]}
>
  <input
    onChange={[Function]}
    type="text"
    value=""
  />
</form>
`;
