// Jest Snapshot v1, https://goo.gl/fbAQLP

exports[`Test in GifGrid component should be render correctly 1`] = `
<Fragment>
  <h3>
    Hunter x
  </h3>
  <p
    className="animate__animated animate__flash"
  >
    Cargando...
  </p>
  <div
    className="card-grid"
  />
</Fragment>
`;
