// Jest Snapshot v1, https://goo.gl/fbAQLP

exports[`Test in GifGridItem components should be render a component correctly 1`] = `
<div
  className="card animate__animated animate__fadeIn"
>
  <img
    alt="este es un titulo"
    src="https://localhost/someimg.jpg"
  />
  <p>
    este es un titulo
  </p>
</div>
`;
